c:\kerneldeving\nuke\basixioctldriver\x64\release\vc143.pdb
c:\kerneldeving\nuke\basixioctldriver\x64\release\main.obj
c:\kerneldeving\nuke\basixioctldriver\x64\release\basixioctldriver\basixioctldriver.cat
c:\kerneldeving\nuke\basixioctldriver\x64\release\basixioctldriver.sys
c:\kerneldeving\nuke\basixioctldriver\x64\release\basixioctldriver.pdb
c:\kerneldeving\nuke\basixioctldriver\x64\release\basixioctldriver.inf
c:\kerneldeving\nuke\basixioctldriver\x64\release\basixioctldriver.cer
c:\kerneldeving\nuke\basixioctldriver\x64\release\basixioctldriver.tlog\cl.command.1.tlog
c:\kerneldeving\nuke\basixioctldriver\x64\release\basixioctldriver.tlog\cl.items.tlog
c:\kerneldeving\nuke\basixioctldriver\x64\release\basixioctldriver.tlog\cl.read.1.tlog
c:\kerneldeving\nuke\basixioctldriver\x64\release\basixioctldriver.tlog\cl.write.1.tlog
c:\kerneldeving\nuke\basixioctldriver\x64\release\basixioctldriver.tlog\inf2cat-expand.25152.read.1.tlog
c:\kerneldeving\nuke\basixioctldriver\x64\release\basixioctldriver.tlog\inf2cat-expand.25152.write.1.tlog
c:\kerneldeving\nuke\basixioctldriver\x64\release\basixioctldriver.tlog\inf2cat-expand.read.1.tlog
c:\kerneldeving\nuke\basixioctldriver\x64\release\basixioctldriver.tlog\inf2cat-expand.write.1.tlog
c:\kerneldeving\nuke\basixioctldriver\x64\release\basixioctldriver.tlog\inf2cat.command.1.tlog
c:\kerneldeving\nuke\basixioctldriver\x64\release\basixioctldriver.tlog\inf2cat.read.1.tlog
c:\kerneldeving\nuke\basixioctldriver\x64\release\basixioctldriver.tlog\inf2cat.write.1.tlog
c:\kerneldeving\nuke\basixioctldriver\x64\release\basixioctldriver.tlog\link.command.1.tlog
c:\kerneldeving\nuke\basixioctldriver\x64\release\basixioctldriver.tlog\link.read.1.tlog
c:\kerneldeving\nuke\basixioctldriver\x64\release\basixioctldriver.tlog\link.secondary.1.tlog
c:\kerneldeving\nuke\basixioctldriver\x64\release\basixioctldriver.tlog\link.write.1.tlog
c:\kerneldeving\nuke\basixioctldriver\x64\release\basixioctldriver.tlog\signtool.command.1.tlog
c:\kerneldeving\nuke\basixioctldriver\x64\release\basixioctldriver.tlog\signtool.read.1.tlog
c:\kerneldeving\nuke\basixioctldriver\x64\release\basixioctldriver.tlog\signtool.timestamp.1.tlog
c:\kerneldeving\nuke\basixioctldriver\x64\release\basixioctldriver.tlog\signtool.write.1.tlog
c:\kerneldeving\nuke\basixioctldriver\x64\release\basixioctldriver.tlog\stampinf.command.1.tlog
c:\kerneldeving\nuke\basixioctldriver\x64\release\basixioctldriver.tlog\stampinf.read.1.tlog
c:\kerneldeving\nuke\basixioctldriver\x64\release\basixioctldriver.tlog\stampinf.write.1.tlog
